---
source: tui/src/app/tests.rs
assertion_line: 5825
expression: rendered
---
╭────────────────────────────────────────────────────╮
│ >_ ZCode + Codex (v<VERSION>)                      │
│                                                    │
│ model:     gpt-5.4 xhigh   fast   /model to change │
│ directory: /tmp/project                            │
╰────────────────────────────────────────────────────╯
